D:/ARM/STM32F103C8T6/STM32F10x_StdPeriph_Lib_V3.5.0/Libraries/CMSIS/CM3/CoreSupport/core_cm3.h:1586:22:NVIC_SetPriority	16	static
D:/ARM/STM32F103C8T6/STM32F10x_StdPeriph_Lib_V3.5.0/Libraries/CMSIS/CM3/CoreSupport/core_cm3.h:1694:26:SysTick_Config	16	static
../Src/main.c:82:5:main	8	static
../Src/main.c:99:6:SysTick_Init	8	static
../Src/main.c:104:6:SysTick_Handler	4	static
../Src/main.c:109:10:SysTick_getTick	4	static
../Src/main.c:114:6:Delay_ms	32	static
../Src/main.c:137:6:SPI1_MasterInit	32	static
../Src/main.c:166:6:SPIx_Send_Data	16	static
../Src/main.c:174:6:MAX7219_Init	8	static
../Src/main.c:188:6:MAX7219_Display	24	static
../Src/main.c:203:6:I2C2_Init	32	static
../Src/main.c:226:6:I2Cx_SendData	16	static
../Src/main.c:242:9:I2Cx_ReceiveData	24	static
../Src/main.c:275:6:MPU6050_Init	8	static
../Src/main.c:291:6:MPU6050_InteruptPinInit	24	static
../Src/main.c:317:6:EXTI1_IRQHandler	32	static
../Src/main.c:329:13:MPU6050_ReadAcc	48	static
../Src/main.c:353:6:ProcessPedometer	8	static
