Archive member included to satisfy reference by file (symbol)

c:/st/stm32cubeide_1.9.0/stm32cubeide/plugins/com.st.stm32cube.ide.mcu.externaltools.gnu-tools-for-stm32.10.3-2021.10.win32_1.0.0.202111181127/tools/bin/../lib/gcc/arm-none-eabi/10.3.1/../../../../arm-none-eabi/lib/thumb/v7-m/nofp\libc_nano.a(lib_a-errno.o)
                              ./Src/syscalls.o (__errno)
c:/st/stm32cubeide_1.9.0/stm32cubeide/plugins/com.st.stm32cube.ide.mcu.externaltools.gnu-tools-for-stm32.10.3-2021.10.win32_1.0.0.202111181127/tools/bin/../lib/gcc/arm-none-eabi/10.3.1/../../../../arm-none-eabi/lib/thumb/v7-m/nofp\libc_nano.a(lib_a-exit.o)
                              c:/st/stm32cubeide_1.9.0/stm32cubeide/plugins/com.st.stm32cube.ide.mcu.externaltools.gnu-tools-for-stm32.10.3-2021.10.win32_1.0.0.202111181127/tools/bin/../lib/gcc/arm-none-eabi/10.3.1/../../../../arm-none-eabi/lib/thumb/v7-m/nofp/crt0.o (exit)
c:/st/stm32cubeide_1.9.0/stm32cubeide/plugins/com.st.stm32cube.ide.mcu.externaltools.gnu-tools-for-stm32.10.3-2021.10.win32_1.0.0.202111181127/tools/bin/../lib/gcc/arm-none-eabi/10.3.1/../../../../arm-none-eabi/lib/thumb/v7-m/nofp\libc_nano.a(lib_a-impure.o)
                              c:/st/stm32cubeide_1.9.0/stm32cubeide/plugins/com.st.stm32cube.ide.mcu.externaltools.gnu-tools-for-stm32.10.3-2021.10.win32_1.0.0.202111181127/tools/bin/../lib/gcc/arm-none-eabi/10.3.1/../../../../arm-none-eabi/lib/thumb/v7-m/nofp\libc_nano.a(lib_a-exit.o) (_global_impure_ptr)
c:/st/stm32cubeide_1.9.0/stm32cubeide/plugins/com.st.stm32cube.ide.mcu.externaltools.gnu-tools-for-stm32.10.3-2021.10.win32_1.0.0.202111181127/tools/bin/../lib/gcc/arm-none-eabi/10.3.1/../../../../arm-none-eabi/lib/thumb/v7-m/nofp\libc_nano.a(lib_a-init.o)
                              c:/st/stm32cubeide_1.9.0/stm32cubeide/plugins/com.st.stm32cube.ide.mcu.externaltools.gnu-tools-for-stm32.10.3-2021.10.win32_1.0.0.202111181127/tools/bin/../lib/gcc/arm-none-eabi/10.3.1/../../../../arm-none-eabi/lib/thumb/v7-m/nofp/crt0.o (__libc_init_array)
c:/st/stm32cubeide_1.9.0/stm32cubeide/plugins/com.st.stm32cube.ide.mcu.externaltools.gnu-tools-for-stm32.10.3-2021.10.win32_1.0.0.202111181127/tools/bin/../lib/gcc/arm-none-eabi/10.3.1/../../../../arm-none-eabi/lib/thumb/v7-m/nofp\libc_nano.a(lib_a-memset.o)
                              c:/st/stm32cubeide_1.9.0/stm32cubeide/plugins/com.st.stm32cube.ide.mcu.externaltools.gnu-tools-for-stm32.10.3-2021.10.win32_1.0.0.202111181127/tools/bin/../lib/gcc/arm-none-eabi/10.3.1/../../../../arm-none-eabi/lib/thumb/v7-m/nofp/crt0.o (memset)
c:/st/stm32cubeide_1.9.0/stm32cubeide/plugins/com.st.stm32cube.ide.mcu.externaltools.gnu-tools-for-stm32.10.3-2021.10.win32_1.0.0.202111181127/tools/bin/../lib/gcc/arm-none-eabi/10.3.1/../../../../arm-none-eabi/lib/thumb/v7-m/nofp\libm.a(lib_a-w_pow.o)
                              ./Src/main.o (pow)
c:/st/stm32cubeide_1.9.0/stm32cubeide/plugins/com.st.stm32cube.ide.mcu.externaltools.gnu-tools-for-stm32.10.3-2021.10.win32_1.0.0.202111181127/tools/bin/../lib/gcc/arm-none-eabi/10.3.1/../../../../arm-none-eabi/lib/thumb/v7-m/nofp\libm.a(lib_a-w_sqrt.o)
                              ./Src/main.o (sqrt)
c:/st/stm32cubeide_1.9.0/stm32cubeide/plugins/com.st.stm32cube.ide.mcu.externaltools.gnu-tools-for-stm32.10.3-2021.10.win32_1.0.0.202111181127/tools/bin/../lib/gcc/arm-none-eabi/10.3.1/../../../../arm-none-eabi/lib/thumb/v7-m/nofp\libm.a(lib_a-e_pow.o)
                              c:/st/stm32cubeide_1.9.0/stm32cubeide/plugins/com.st.stm32cube.ide.mcu.externaltools.gnu-tools-for-stm32.10.3-2021.10.win32_1.0.0.202111181127/tools/bin/../lib/gcc/arm-none-eabi/10.3.1/../../../../arm-none-eabi/lib/thumb/v7-m/nofp\libm.a(lib_a-w_pow.o) (__ieee754_pow)
c:/st/stm32cubeide_1.9.0/stm32cubeide/plugins/com.st.stm32cube.ide.mcu.externaltools.gnu-tools-for-stm32.10.3-2021.10.win32_1.0.0.202111181127/tools/bin/../lib/gcc/arm-none-eabi/10.3.1/../../../../arm-none-eabi/lib/thumb/v7-m/nofp\libm.a(lib_a-e_sqrt.o)
                              c:/st/stm32cubeide_1.9.0/stm32cubeide/plugins/com.st.stm32cube.ide.mcu.externaltools.gnu-tools-for-stm32.10.3-2021.10.win32_1.0.0.202111181127/tools/bin/../lib/gcc/arm-none-eabi/10.3.1/../../../../arm-none-eabi/lib/thumb/v7-m/nofp\libm.a(lib_a-w_sqrt.o) (__ieee754_sqrt)
c:/st/stm32cubeide_1.9.0/stm32cubeide/plugins/com.st.stm32cube.ide.mcu.externaltools.gnu-tools-for-stm32.10.3-2021.10.win32_1.0.0.202111181127/tools/bin/../lib/gcc/arm-none-eabi/10.3.1/../../../../arm-none-eabi/lib/thumb/v7-m/nofp\libm.a(lib_a-math_err.o)
                              c:/st/stm32cubeide_1.9.0/stm32cubeide/plugins/com.st.stm32cube.ide.mcu.externaltools.gnu-tools-for-stm32.10.3-2021.10.win32_1.0.0.202111181127/tools/bin/../lib/gcc/arm-none-eabi/10.3.1/../../../../arm-none-eabi/lib/thumb/v7-m/nofp\libm.a(lib_a-e_pow.o) (__math_uflow)
[...]
Memory Configuration

Name             Origin             Length             Attributes
RAM              0x0000000020000000 0x0000000000005000 xrw
FLASH            0x0000000008000000 0x0000000000010000 xr
*default*        0x0000000000000000 0xffffffffffffffff

Linker script and memory map

LOAD c:/st/stm32cubeide_1.9.0/stm32cubeide/plugins/com.st.stm32cube.ide.mcu.externaltools.gnu-tools-for-stm32.10.3-2021.10.win32_1.0.0.202111181127/tools/bin/../lib/gcc/arm-none-eabi/10.3.1/thumb/v7-m/nofp/crti.o
LOAD c:/st/stm32cubeide_1.9.0/stm32cubeide/plugins/com.st.stm32cube.ide.mcu.externaltools.gnu-tools-for-stm32.10.3-2021.10.win32_1.0.0.202111181127/tools/bin/../lib/gcc/arm-none-eabi/10.3.1/thumb/v7-m/nofp/crtbegin.o
LOAD c:/st/stm32cubeide_1.9.0/stm32cubeide/plugins/com.st.stm32cube.ide.mcu.externaltools.gnu-tools-for-stm32.10.3-2021.10.win32_1.0.0.202111181127/tools/bin/../lib/gcc/arm-none-eabi/10.3.1/../../../../arm-none-eabi/lib/thumb/v7-m/nofp/crt0.o
LOAD ./STD_Lib/misc.o
LOAD ./STD_Lib/stm32f10x_adc.o
LOAD ./STD_Lib/stm32f10x_bkp.o
LOAD ./STD_Lib/stm32f10x_can.o
LOAD ./STD_Lib/stm32f10x_cec.o
LOAD ./STD_Lib/stm32f10x_crc.o
LOAD ./STD_Lib/stm32f10x_dac.o
LOAD ./STD_Lib/stm32f10x_dbgmcu.o
LOAD ./STD_Lib/stm32f10x_dma.o
LOAD ./STD_Lib/stm32f10x_exti.o
LOAD ./STD_Lib/stm32f10x_flash.o
LOAD ./STD_Lib/stm32f10x_fsmc.o
LOAD ./STD_Lib/stm32f10x_gpio.o
LOAD ./STD_Lib/stm32f10x_i2c.o
LOAD ./STD_Lib/stm32f10x_iwdg.o
LOAD ./STD_Lib/stm32f10x_pwr.o
LOAD ./STD_Lib/stm32f10x_rcc.o
LOAD ./STD_Lib/stm32f10x_rtc.o
LOAD ./STD_Lib/stm32f10x_sdio.o
LOAD ./STD_Lib/stm32f10x_spi.o
LOAD ./STD_Lib/stm32f10x_tim.o
LOAD ./STD_Lib/stm32f10x_usart.o
LOAD ./STD_Lib/stm32f10x_wwdg.o
LOAD ./Src/main.o
LOAD ./Src/stm32f10x_it.o
LOAD ./Src/syscalls.o
LOAD ./Src/sysmem.o
LOAD ./Src/system_stm32f10x.o
LOAD ./Startup/startup_stm32f103c8tx.o
START GROUP
LOAD c:/st/stm32cubeide_1.9.0/stm32cubeide/plugins/com.st.stm32cube.ide.mcu.externaltools.gnu-tools-for-stm32.10.3-2021.10.win32_1.0.0.202111181127/tools/bin/../lib/gcc/arm-none-eabi/10.3.1/../../../../arm-none-eabi/lib/thumb/v7-m/nofp\libc_nano.a
LOAD c:/st/stm32cubeide_1.9.0/stm32cubeide/plugins/com.st.stm32cube.ide.mcu.externaltools.gnu-tools-for-stm32.10.3-2021.10.win32_1.0.0.202111181127/tools/bin/../lib/gcc/arm-none-eabi/10.3.1/../../../../arm-none-eabi/lib/thumb/v7-m/nofp\libm.a
END GROUP
START GROUP
LOAD c:/st/stm32cubeide_1.9.0/stm32cubeide/plugins/com.st.stm32cube.ide.mcu.externaltools.gnu-tools-for-stm32.10.3-2021.10.win32_1.0.0.202111181127/tools/bin/../lib/gcc/arm-none-eabi/10.3.1/thumb/v7-m/nofp\libgcc.a
LOAD c:/st/stm32cubeide_1.9.0/stm32cubeide/plugins/com.st.stm32cube.ide.mcu.externaltools.gnu-tools-for-stm32.10.3-2021.10.win32_1.0.0.202111181127/tools/bin/../lib/gcc/arm-none-eabi/10.3.1/../../../../arm-none-eabi/lib/thumb/v7-m/nofp\libc_nano.a
END GROUP
START GROUP
LOAD c:/st/stm32cubeide_1.9.0/stm32cubeide/plugins/com.st.stm32cube.ide.mcu.externaltools.gnu-tools-for-stm32.10.3-2021.10.win32_1.0.0.202111181127/tools/bin/../lib/gcc/arm-none-eabi/10.3.1/thumb/v7-m/nofp\libgcc.a
LOAD c:/st/stm32cubeide_1.9.0/stm32cubeide/plugins/com.st.stm32cube.ide.mcu.externaltools.gnu-tools-for-stm32.10.3-2021.10.win32_1.0.0.202111181127/tools/bin/../lib/gcc/arm-none-eabi/10.3.1/../../../../arm-none-eabi/lib/thumb/v7-m/nofp\libc_nano.a
LOAD c:/st/stm32cubeide_1.9.0/stm32cubeide/plugins/com.st.stm32cube.ide.mcu.externaltools.gnu-tools-for-stm32.10.3-2021.10.win32_1.0.0.202111181127/tools/bin/../lib/gcc/arm-none-eabi/10.3.1/../../../../arm-none-eabi/lib/thumb/v7-m/nofp\libnosys.a
END GROUP
START GROUP
LOAD c:/st/stm32cubeide_1.9.0/stm32cubeide/plugins/com.st.stm32cube.ide.mcu.externaltools.gnu-tools-for-stm32.10.3-2021.10.win32_1.0.0.202111181127/tools/bin/../lib/gcc/arm-none-eabi/10.3.1/thumb/v7-m/nofp\libgcc.a
LOAD c:/st/stm32cubeide_1.9.0/stm32cubeide/plugins/com.st.stm32cube.ide.mcu.externaltools.gnu-tools-for-stm32.10.3-2021.10.win32_1.0.0.202111181127/tools/bin/../lib/gcc/arm-none-eabi/10.3.1/../../../../arm-none-eabi/lib/thumb/v7-m/nofp\libc_nano.a
LOAD c:/st/stm32cubeide_1.9.0/stm32cubeide/plugins/com.st.stm32cube.ide.mcu.externaltools.gnu-tools-for-stm32.10.3-2021.10.win32_1.0.0.202111181127/tools/bin/../lib/gcc/arm-none-eabi/10.3.1/../../../../arm-none-eabi/lib/thumb/v7-m/nofp\libnosys.a
END GROUP
LOAD c:/st/stm32cubeide_1.9.0/stm32cubeide/plugins/com.st.stm32cube.ide.mcu.externaltools.gnu-tools-for-stm32.10.3-2021.10.win32_1.0.0.202111181127/tools/bin/../lib/gcc/arm-none-eabi/10.3.1/thumb/v7-m/nofp/crtend.o
LOAD c:/st/stm32cubeide_1.9.0/stm32cubeide/plugins/com.st.stm32cube.ide.mcu.externaltools.gnu-tools-for-stm32.10.3-2021.10.win32_1.0.0.202111181127/tools/bin/../lib/gcc/arm-none-eabi/10.3.1/thumb/v7-m/nofp/crtn.o
                0x0000000020005000                _estack = (ORIGIN (RAM) + LENGTH (RAM))
                0x0000000000000200                _Min_Heap_Size = 0x200
                0x0000000000000400                _Min_Stack_Size = 0x400

.isr_vector     0x0000000008000000      0x130
                0x0000000008000000                . = ALIGN (0x4)
 *(.isr_vector)
 .isr_vector    0x0000000008000000      0x130 ./Startup/startup_stm32f103c8tx.o
                0x0000000008000000                g_pfnVectors
                0x0000000008000130                . = ALIGN (0x4)

.text           0x0000000008000130     0x2f1c
                0x0000000008000130                . = ALIGN (0x4)
 *(.text)
 .text          0x0000000008000130       0x40 c:/st/stm32cubeide_1.9.0/stm32cubeide/plugins/com.st.stm32cube.ide.mcu.externaltools.gnu-tools-for-stm32.10.3-2021.10.win32_1.0.0.202111181127/tools/bin/../lib/gcc/arm-none-eabi/10.3.1/thumb/v7-m/nofp/crtbegin.o
 .text          0x0000000008000170      0x378 c:/st/stm32cubeide_1.9.0/stm32cubeide/plugins/com.st.stm32cube.ide.mcu.externaltools.gnu-tools-for-stm32.10.3-2021.10.win32_1.0.0.202111181127/tools/bin/../lib/gcc/arm-none-eabi/10.3.1/thumb/v7-m/nofp\libgcc.a(_arm_addsubdf3.o)
                0x0000000008000170                __aeabi_drsub
                0x0000000008000178                __aeabi_dsub
                0x0000000008000178                __subdf3
                0x000000000800017c                __aeabi_dadd
                0x000000000800017c                __adddf3
                0x00000000080003f4                __floatunsidf
                0x00000000080003f4                __aeabi_ui2d
                0x0000000008000414                __floatsidf
                0x0000000008000414                __aeabi_i2d
                0x0000000008000438                __aeabi_f2d
                0x0000000008000438                __extendsfdf2
                0x000000000800047c                __floatundidf
                0x000000000800047c                __aeabi_ul2d
                0x000000000800048c                __floatdidf
                0x000000000800048c                __aeabi_l2d
 .text          0x00000000080004e8      0x424 c:/st/stm32cubeide_1.9.0/stm32cubeide/plugins/com.st.stm32cube.ide.mcu.externaltools.gnu-tools-for-stm32.10.3-2021.10.win32_1.0.0.202111181127/tools/bin/../lib/gcc/arm-none-eabi/10.3.1/thumb/v7-m/nofp\libgcc.a(_arm_muldivdf3.o)
                0x00000000080004e8                __aeabi_dmul
                0x00000000080004e8                __muldf3
                0x000000000800073c                __divdf3
                0x000000000800073c                __aeabi_ddiv
 .text          0x000000000800090c      0x110 c:/st/stm32cubeide_1.9.0/stm32cubeide/plugins/com.st.stm32cube.ide.mcu.externaltools.gnu-tools-for-stm32.10.3-2021.10.win32_1.0.0.202111181127/tools/bin/../lib/gcc/arm-none-eabi/10.3.1/thumb/v7-m/nofp\libgcc.a(_arm_cmpdf2.o)
                0x000000000800090c                __gtdf2
                0x000000000800090c                __gedf2
                0x0000000008000914                __ltdf2
                0x0000000008000914                __ledf2
                0x000000000800091c                __nedf2
                0x000000000800091c                __eqdf2
                0x000000000800091c                __cmpdf2
                0x0000000008000998                __aeabi_cdrcmple
                0x00000000080009a8                __aeabi_cdcmpeq
                0x00000000080009a8                __aeabi_cdcmple
                0x00000000080009b8                __aeabi_dcmpeq
                0x00000000080009cc                __aeabi_dcmplt
                0x00000000080009e0                __aeabi_dcmple
                0x00000000080009f4                __aeabi_dcmpge
                0x0000000008000a08                __aeabi_dcmpgt
 .text          0x0000000008000a1c       0x2c c:/st/stm32cubeide_1.9.0/stm32cubeide/plugins/com.st.stm32cube.ide.mcu.externaltools.gnu-tools-for-stm32.10.3-2021.10.win32_1.0.0.202111181127/tools/bin/../lib/gcc/arm-none-eabi/10.3.1/thumb/v7-m/nofp\libgcc.a(_arm_unorddf2.o)
                0x0000000008000a1c                __unorddf2
                0x0000000008000a1c                __aeabi_dcmpun
 .text          0x0000000008000a48       0xa0 c:/st/stm32cubeide_1.9.0/stm32cubeide/plugins/com.st.stm32cube.ide.mcu.externaltools.gnu-tools-for-stm32.10.3-2021.10.win32_1.0.0.202111181127/tools/bin/../lib/gcc/arm-none-eabi/10.3.1/thumb/v7-m/nofp\libgcc.a(_arm_truncdfsf2.o)
                0x0000000008000a48                __truncdfsf2
                0x0000000008000a48                __aeabi_d2f
 .text          0x0000000008000ae8       0xec c:/st/stm32cubeide_1.9.0/stm32cubeide/plugins/com.st.stm32cube.ide.mcu.externaltools.gnu-tools-for-stm32.10.3-2021.10.win32_1.0.0.202111181127/tools/bin/../lib/gcc/arm-none-eabi/10.3.1/thumb/v7-m/nofp\libgcc.a(_arm_cmpsf2.o)
                0x0000000008000ae8                __gesf2
                0x0000000008000ae8                __gtsf2
                0x0000000008000af0                __lesf2
                0x0000000008000af0                __ltsf2
                0x0000000008000af8                __nesf2
                0x0000000008000af8                __eqsf2
                0x0000000008000af8                __cmpsf2
                0x0000000008000b58                __aeabi_cfrcmple
                0x0000000008000b60                __aeabi_cfcmpeq
                0x0000000008000b60                __aeabi_cfcmple
                0x0000000008000b70                __aeabi_fcmpeq
                0x0000000008000b84                __aeabi_fcmplt
                0x0000000008000b98                __aeabi_fcmple
                0x0000000008000bac                __aeabi_fcmpge
                0x0000000008000bc0                __aeabi_fcmpgt
 *(.text*)
 .text.NVIC_Init
                0x0000000008000bd4       0xc4 ./STD_Lib/misc.o
                0x0000000008000bd4                NVIC_Init
 .text.EXTI_Init
                0x0000000008000c98       0xe4 ./STD_Lib/stm32f10x_exti.o
                0x0000000008000c98                EXTI_Init
 .text.EXTI_GetFlagStatus
                0x0000000008000d7c       0x34 ./STD_Lib/stm32f10x_exti.o
                0x0000000008000d7c                EXTI_GetFlagStatus
 .text.EXTI_ClearITPendingBit
                0x0000000008000db0       0x1c ./STD_Lib/stm32f10x_exti.o
                0x0000000008000db0                EXTI_ClearITPendingBit
 .text.GPIO_Init
                0x0000000008000dcc      0x178 ./STD_Lib/stm32f10x_gpio.o
                0x0000000008000dcc                GPIO_Init
 .text.GPIO_SetBits
                0x0000000008000f44       0x1c ./STD_Lib/stm32f10x_gpio.o
                0x0000000008000f44                GPIO_SetBits
 .text.GPIO_ResetBits
                0x0000000008000f60       0x1c ./STD_Lib/stm32f10x_gpio.o
                0x0000000008000f60                GPIO_ResetBits
 .text.GPIO_EXTILineConfig
                0x0000000008000f7c       0x80 ./STD_Lib/stm32f10x_gpio.o
                0x0000000008000f7c                GPIO_EXTILineConfig
 .text.I2C_Init
                0x0000000008000ffc      0x184 ./STD_Lib/stm32f10x_i2c.o
                0x0000000008000ffc                I2C_Init
 .text.I2C_Cmd  0x0000000008001180       0x3e ./STD_Lib/stm32f10x_i2c.o
                0x0000000008001180                I2C_Cmd
 .text.I2C_GenerateSTART
                0x00000000080011be       0x3e ./STD_Lib/stm32f10x_i2c.o
                0x00000000080011be                I2C_GenerateSTART
 .text.I2C_GenerateSTOP
                0x00000000080011fc       0x3e ./STD_Lib/stm32f10x_i2c.o
                0x00000000080011fc                I2C_GenerateSTOP
 .text.I2C_SendData
                0x000000000800123a       0x1e ./STD_Lib/stm32f10x_i2c.o
                0x000000000800123a                I2C_SendData
 .text.I2C_ReceiveData
                0x0000000008001258       0x1a ./STD_Lib/stm32f10x_i2c.o
                0x0000000008001258                I2C_ReceiveData
 .text.I2C_Send7bitAddress
                0x0000000008001272       0x3a ./STD_Lib/stm32f10x_i2c.o
                0x0000000008001272                I2C_Send7bitAddress
 .text.I2C_CheckEvent
                0x00000000080012ac       0x5e ./STD_Lib/stm32f10x_i2c.o
                0x00000000080012ac                I2C_CheckEvent
 .text.I2C_GetFlagStatus
                0x000000000800130a       0x64 ./STD_Lib/stm32f10x_i2c.o
                0x000000000800130a                I2C_GetFlagStatus
 *fill*         0x000000000800136e        0x2 
 .text.RCC_GetClocksFreq
                0x0000000008001370      0x16c ./STD_Lib/stm32f10x_rcc.o
                0x0000000008001370                RCC_GetClocksFreq
 .text.RCC_APB2PeriphClockCmd
                0x00000000080014dc       0x3c ./STD_Lib/stm32f10x_rcc.o
                0x00000000080014dc                RCC_APB2PeriphClockCmd
 .text.RCC_APB1PeriphClockCmd
                0x0000000008001518       0x3c ./STD_Lib/stm32f10x_rcc.o
                0x0000000008001518                RCC_APB1PeriphClockCmd
 .text.SPI_Init
                0x0000000008001554       0x86 ./STD_Lib/stm32f10x_spi.o
                0x0000000008001554                SPI_Init
 .text.SPI_Cmd  0x00000000080015da       0x3e ./STD_Lib/stm32f10x_spi.o
                0x00000000080015da                SPI_Cmd
 .text.SPI_I2S_SendData
                0x0000000008001618       0x1c ./STD_Lib/stm32f10x_spi.o
                0x0000000008001618                SPI_I2S_SendData
 .text.SPI_I2S_GetFlagStatus
                0x0000000008001634       0x36 ./STD_Lib/stm32f10x_spi.o
                0x0000000008001634                SPI_I2S_GetFlagStatus
 *fill*         0x000000000800166a        0x2 
 .text.NVIC_SetPriority
                0x000000000800166c       0x54 ./Src/main.o
 .text.SysTick_Config
                0x00000000080016c0       0x44 ./Src/main.o
 .text.main     0x0000000008001704       0x2c ./Src/main.o
                0x0000000008001704                main
 .text.SysTick_Init
                0x0000000008001730       0x24 ./Src/main.o
                0x0000000008001730                SysTick_Init
 .text.SysTick_Handler
                0x0000000008001754       0x1c ./Src/main.o
                0x0000000008001754                SysTick_Handler
 .text.SysTick_getTick
                0x0000000008001770       0x14 ./Src/main.o
                0x0000000008001770                SysTick_getTick
 .text.Delay_ms
                0x0000000008001784       0x52 ./Src/main.o
                0x0000000008001784                Delay_ms
 *fill*         0x00000000080017d6        0x2 
 .text.SPI1_MasterInit
                0x00000000080017d8       0x94 ./Src/main.o
                0x00000000080017d8                SPI1_MasterInit
 .text.SPIx_Send_Data
                0x000000000800186c       0x48 ./Src/main.o
                0x000000000800186c                SPIx_Send_Data
 .text.MAX7219_Init
                0x00000000080018b4       0x40 ./Src/main.o
                0x00000000080018b4                MAX7219_Init
 .text.MAX7219_Display
                0x00000000080018f4       0x80 ./Src/main.o
                0x00000000080018f4                MAX7219_Display
 .text.I2C2_Init
                0x0000000008001974       0x74 ./Src/main.o
                0x0000000008001974                I2C2_Init
 .text.I2Cx_SendData
                0x00000000080019e8       0xb4 ./Src/main.o
                0x00000000080019e8                I2Cx_SendData
 .text.I2Cx_ReceiveData
                0x0000000008001a9c      0x10c ./Src/main.o
                0x0000000008001a9c                I2Cx_ReceiveData
 .text.MPU6050_Init
                0x0000000008001ba8       0x54 ./Src/main.o
                0x0000000008001ba8                MPU6050_Init
 .text.MPU6050_InteruptPinInit
                0x0000000008001bfc       0x6c ./Src/main.o
                0x0000000008001bfc                MPU6050_InteruptPinInit
 .text.EXTI1_IRQHandler
                0x0000000008001c68       0xd8 ./Src/main.o
                0x0000000008001c68                EXTI1_IRQHandler
 .text.MPU6050_ReadAcc
                0x0000000008001d40      0x10c ./Src/main.o
                0x0000000008001d40                MPU6050_ReadAcc
 *fill*         0x0000000008001e4c        0x4 
 .text.ProcessPedometer
                0x0000000008001e50       0x8c ./Src/main.o
                0x0000000008001e50                ProcessPedometer
 .text.NMI_Handler
                0x0000000008001edc        0xc ./Src/stm32f10x_it.o
                0x0000000008001edc                NMI_Handler
 .text.HardFault_Handler
                0x0000000008001ee8        0x6 ./Src/stm32f10x_it.o
                0x0000000008001ee8                HardFault_Handler
 .text.MemManage_Handler
                0x0000000008001eee        0x6 ./Src/stm32f10x_it.o
                0x0000000008001eee                MemManage_Handler
 .text.BusFault_Handler
                0x0000000008001ef4        0x6 ./Src/stm32f10x_it.o
                0x0000000008001ef4                BusFault_Handler
 .text.UsageFault_Handler
                0x0000000008001efa        0x6 ./Src/stm32f10x_it.o
                0x0000000008001efa                UsageFault_Handler
 .text.SVC_Handler
                0x0000000008001f00        0xc ./Src/stm32f10x_it.o
                0x0000000008001f00                SVC_Handler
 .text.DebugMon_Handler
                0x0000000008001f0c        0xc ./Src/stm32f10x_it.o
                0x0000000008001f0c                DebugMon_Handler
 .text.PendSV_Handler
                0x0000000008001f18        0xc ./Src/stm32f10x_it.o
                0x0000000008001f18                PendSV_Handler
 .text.SystemInit
                0x0000000008001f24       0x68 ./Src/system_stm32f10x.o
                0x0000000008001f24                SystemInit
 .text.SystemCoreClockUpdate
                0x0000000008001f8c       0xe4 ./Src/system_stm32f10x.o
                0x0000000008001f8c                SystemCoreClockUpdate
 .text.SetSysClock
                0x0000000008002070        0xc ./Src/system_stm32f10x.o
 .text.SetSysClockTo72
                0x000000000800207c      0x100 ./Src/system_stm32f10x.o
 .text.Reset_Handler
                0x000000000800217c       0x50 ./Startup/startup_stm32f103c8tx.o
                0x000000000800217c                Reset_Handler
 .text.Default_Handler
                0x00000000080021cc        0x2 ./Startup/startup_stm32f103c8tx.o
                0x00000000080021cc                EXTI2_IRQHandler
                0x00000000080021cc                TIM8_TRG_COM_IRQHandler
                0x00000000080021cc                TIM8_CC_IRQHandler
                0x00000000080021cc                TIM1_CC_IRQHandler
                0x00000000080021cc                TIM6_IRQHandler
                0x00000000080021cc                PVD_IRQHandler
                0x00000000080021cc                SDIO_IRQHandler
                0x00000000080021cc                EXTI3_IRQHandler
                0x00000000080021cc                USB_HP_CAN_TX_IRQHandler
                0x00000000080021cc                EXTI0_IRQHandler
                0x00000000080021cc                I2C2_EV_IRQHandler
                0x00000000080021cc                ADC1_2_IRQHandler
                0x00000000080021cc                SPI1_IRQHandler
                0x00000000080021cc                CAN_SCE_IRQHandler
                0x00000000080021cc                TAMPER_IRQHandler
                0x00000000080021cc                TIM8_UP_IRQHandler
                0x00000000080021cc                DMA2_Channel2_IRQHandler
                0x00000000080021cc                DMA1_Channel4_IRQHandler
                0x00000000080021cc                USART3_IRQHandler
                0x00000000080021cc                RTC_IRQHandler
                0x00000000080021cc                DMA1_Channel7_IRQHandler
                0x00000000080021cc                UART5_IRQHandler
                0x00000000080021cc                ADC3_IRQHandler
                0x00000000080021cc                TIM4_IRQHandler
                0x00000000080021cc                CAN_RX1_IRQHandler
                0x00000000080021cc                DMA2_Channel1_IRQHandler
                0x00000000080021cc                I2C1_EV_IRQHandler
                0x00000000080021cc                DMA1_Channel6_IRQHandler
                0x00000000080021cc                UART4_IRQHandler
                0x00000000080021cc                TIM3_IRQHandler
                0x00000000080021cc                RCC_IRQHandler
                0x00000000080021cc                TIM1_TRG_COM_IRQHandler
                0x00000000080021cc                DMA1_Channel1_IRQHandler
                0x00000000080021cc                Default_Handler
                0x00000000080021cc                EXTI15_10_IRQHandler
                0x00000000080021cc                TIM7_IRQHandler
                0x00000000080021cc                TIM5_IRQHandler
                0x00000000080021cc                EXTI9_5_IRQHandler
                0x00000000080021cc                SPI2_IRQHandler
                0x00000000080021cc                USB_LP_CAN_RX0_IRQHandler
                0x00000000080021cc                DMA1_Channel5_IRQHandler
                0x00000000080021cc                EXTI4_IRQHandler
                0x00000000080021cc                DMA1_Channel3_IRQHandler
                0x00000000080021cc                FSMC_IRQHandler
                0x00000000080021cc                TIM1_UP_IRQHandler
                0x00000000080021cc                WWDG_IRQHandler
                0x00000000080021cc                TIM2_IRQHandler
                0x00000000080021cc                TIM1_BRK_IRQHandler
                0x00000000080021cc                RTCAlarm_IRQHandler
                0x00000000080021cc                DMA2_Channel4_5_IRQHandler
                0x00000000080021cc                USART2_IRQHandler
                0x00000000080021cc                I2C2_ER_IRQHandler
                0x00000000080021cc                DMA1_Channel2_IRQHandler
                0x00000000080021cc                TIM8_BRK_IRQHandler
                0x00000000080021cc                FLASH_IRQHandler
                0x00000000080021cc                USART1_IRQHandler
                0x00000000080021cc                SPI3_IRQHandler
                0x00000000080021cc                I2C1_ER_IRQHandler
                0x00000000080021cc                DMA2_Channel3_IRQHandler
 *fill*         0x00000000080021ce        0x2 
 .text.__errno  0x00000000080021d0        0xc c:/st/stm32cubeide_1.9.0/stm32cubeide/plugins/com.st.stm32cube.ide.mcu.externaltools.gnu-tools-for-stm32.10.3-2021.10.win32_1.0.0.202111181127/tools/bin/../lib/gcc/arm-none-eabi/10.3.1/../../../../arm-none-eabi/lib/thumb/v7-m/nofp\libc_nano.a(lib_a-errno.o)
                0x00000000080021d0                __errno
 .text.__libc_init_array
                0x00000000080021dc       0x48 c:/st/stm32cubeide_1.9.0/stm32cubeide/plugins/com.st.stm32cube.ide.mcu.externaltools.gnu-tools-for-stm32.10.3-2021.10.win32_1.0.0.202111181127/tools/bin/../lib/gcc/arm-none-eabi/10.3.1/../../../../arm-none-eabi/lib/thumb/v7-m/nofp\libc_nano.a(lib_a-init.o)
                0x00000000080021dc                __libc_init_array
 .text.pow      0x0000000008002224       0xd0 c:/st/stm32cubeide_1.9.0/stm32cubeide/plugins/com.st.stm32cube.ide.mcu.externaltools.gnu-tools-for-stm32.10.3-2021.10.win32_1.0.0.202111181127/tools/bin/../lib/gcc/arm-none-eabi/10.3.1/../../../../arm-none-eabi/lib/thumb/v7-m/nofp\libm.a(lib_a-w_pow.o)
                0x0000000008002224                pow
 .text.sqrt     0x00000000080022f4       0x48 c:/st/stm32cubeide_1.9.0/stm32cubeide/plugins/com.st.stm32cube.ide.mcu.externaltools.gnu-tools-for-stm32.10.3-2021.10.win32_1.0.0.202111181127/tools/bin/../lib/gcc/arm-none-eabi/10.3.1/../../../../arm-none-eabi/lib/thumb/v7-m/nofp\libm.a(lib_a-w_sqrt.o)
                0x00000000080022f4                sqrt
 *fill*         0x000000000800233c        0x4 
 .text.__ieee754_pow
                0x0000000008002340      0xa2c c:/st/stm32cubeide_1.9.0/stm32cubeide/plugins/com.st.stm32cube.ide.mcu.externaltools.gnu-tools-for-stm32.10.3-2021.10.win32_1.0.0.202111181127/tools/bin/../lib/gcc/arm-none-eabi/10.3.1/../../../../arm-none-eabi/lib/thumb/v7-m/nofp\libm.a(lib_a-e_pow.o)
                0x0000000008002340                __ieee754_pow
 .text.__ieee754_sqrt
                0x0000000008002d6c      0x160 c:/st/stm32cubeide_1.9.0/stm32cubeide/plugins/com.st.stm32cube.ide.mcu.externaltools.gnu-tools-for-stm32.10.3-2021.10.win32_1.0.0.202111181127/tools/bin/../lib/gcc/arm-none-eabi/10.3.1/../../../../arm-none-eabi/lib/thumb/v7-m/nofp\libm.a(lib_a-e_sqrt.o)
                0x0000000008002d6c                __ieee754_sqrt
 .text.with_errno
                0x0000000008002ecc       0x14 c:/st/stm32cubeide_1.9.0/stm32cubeide/plugins/com.st.stm32cube.ide.mcu.externaltools.gnu-tools-for-stm32.10.3-2021.10.win32_1.0.0.202111181127/tools/bin/../lib/gcc/arm-none-eabi/10.3.1/../../../../arm-none-eabi/lib/thumb/v7-m/nofp\libm.a(lib_a-math_err.o)
 .text.xflow    0x0000000008002ee0       0x30 c:/st/stm32cubeide_1.9.0/stm32cubeide/plugins/com.st.stm32cube.ide.mcu.externaltools.gnu-tools-for-stm32.10.3-2021.10.win32_1.0.0.202111181127/tools/bin/../lib/gcc/arm-none-eabi/10.3.1/../../../../arm-none-eabi/lib/thumb/v7-m/nofp\libm.a(lib_a-math_err.o)
 .text.__math_uflow
                0x0000000008002f10        0xa c:/st/stm32cubeide_1.9.0/stm32cubeide/plugins/com.st.stm32cube.ide.mcu.externaltools.gnu-tools-for-stm32.10.3-2021.10.win32_1.0.0.202111181127/tools/bin/../lib/gcc/arm-none-eabi/10.3.1/../../../../arm-none-eabi/lib/thumb/v7-m/nofp\libm.a(lib_a-math_err.o)
                0x0000000008002f10                __math_uflow
 .text.__math_oflow
                0x0000000008002f1a        0xa c:/st/stm32cubeide_1.9.0/stm32cubeide/plugins/com.st.stm32cube.ide.mcu.externaltools.gnu-tools-for-stm32.10.3-2021.10.win32_1.0.0.202111181127/tools/bin/../lib/gcc/arm-none-eabi/10.3.1/../../../../arm-none-eabi/lib/thumb/v7-m/nofp\libm.a(lib_a-math_err.o)
                0x0000000008002f1a                __math_oflow
 .text.fabs     0x0000000008002f24        0x6 c:/st/stm32cubeide_1.9.0/stm32cubeide/plugins/com.st.stm32cube.ide.mcu.externaltools.gnu-tools-for-stm32.10.3-2021.10.win32_1.0.0.202111181127/tools/bin/../lib/gcc/arm-none-eabi/10.3.1/../../../../arm-none-eabi/lib/thumb/v7-m/nofp\libm.a(lib_a-s_fabs.o)
                0x0000000008002f24                fabs
 .text.finite   0x0000000008002f2a        0xc c:/st/stm32cubeide_1.9.0/stm32cubeide/plugins/com.st.stm32cube.ide.mcu.externaltools.gnu-tools-for-stm32.10.3-2021.10.win32_1.0.0.202111181127/tools/bin/../lib/gcc/arm-none-eabi/10.3.1/../../../../arm-none-eabi/lib/thumb/v7-m/nofp\libm.a(lib_a-s_finite.o)
                0x0000000008002f2a                finite
 *fill*         0x0000000008002f36        0x2 
 .text.scalbn   0x0000000008002f38       0xfc c:/st/stm32cubeide_1.9.0/stm32cubeide/plugins/com.st.stm32cube.ide.mcu.externaltools.gnu-tools-for-stm32.10.3-2021.10.win32_1.0.0.202111181127/tools/bin/../lib/gcc/arm-none-eabi/10.3.1/../../../../arm-none-eabi/lib/thumb/v7-m/nofp\libm.a(lib_a-s_scalbn.o)
                0x0000000008002f38                scalbn
 *(.glue_7)
 .glue_7        0x0000000008003034        0x0 linker stubs
 *(.glue_7t)
 .glue_7t       0x0000000008003034        0x0 linker stubs
 *(.eh_frame)
 .eh_frame      0x0000000008003034        0x0 c:/st/stm32cubeide_1.9.0/stm32cubeide/plugins/com.st.stm32cube.ide.mcu.externaltools.gnu-tools-for-stm32.10.3-2021.10.win32_1.0.0.202111181127/tools/bin/../lib/gcc/arm-none-eabi/10.3.1/thumb/v7-m/nofp/crtbegin.o
 *(.init)
 .init          0x0000000008003034        0x4 c:/st/stm32cubeide_1.9.0/stm32cubeide/plugins/com.st.stm32cube.ide.mcu.externaltools.gnu-tools-for-stm32.10.3-2021.10.win32_1.0.0.202111181127/tools/bin/../lib/gcc/arm-none-eabi/10.3.1/thumb/v7-m/nofp/crti.o
                0x0000000008003034                _init
 .init          0x0000000008003038        0x8 c:/st/stm32cubeide_1.9.0/stm32cubeide/plugins/com.st.stm32cube.ide.mcu.externaltools.gnu-tools-for-stm32.10.3-2021.10.win32_1.0.0.202111181127/tools/bin/../lib/gcc/arm-none-eabi/10.3.1/thumb/v7-m/nofp/crtn.o
 *(.fini)
 .fini          0x0000000008003040        0x4 c:/st/stm32cubeide_1.9.0/stm32cubeide/plugins/com.st.stm32cube.ide.mcu.externaltools.gnu-tools-for-stm32.10.3-2021.10.win32_1.0.0.202111181127/tools/bin/../lib/gcc/arm-none-eabi/10.3.1/thumb/v7-m/nofp/crti.o
                0x0000000008003040                _fini
 .fini          0x0000000008003044        0x8 c:/st/stm32cubeide_1.9.0/stm32cubeide/plugins/com.st.stm32cube.ide.mcu.externaltools.gnu-tools-for-stm32.10.3-2021.10.win32_1.0.0.202111181127/tools/bin/../lib/gcc/arm-none-eabi/10.3.1/thumb/v7-m/nofp/crtn.o
                0x000000000800304c                . = ALIGN (0x4)
                0x000000000800304c                _etext = .

.vfp11_veneer   0x000000000800304c        0x0
 .vfp11_veneer  0x000000000800304c        0x0 linker stubs

.v4_bx          0x000000000800304c        0x0
 .v4_bx         0x000000000800304c        0x0 linker stubs

.iplt           0x000000000800304c        0x0
 .iplt          0x000000000800304c        0x0 c:/st/stm32cubeide_1.9.0/stm32cubeide/plugins/com.st.stm32cube.ide.mcu.externaltools.gnu-tools-for-stm32.10.3-2021.10.win32_1.0.0.202111181127/tools/bin/../lib/gcc/arm-none-eabi/10.3.1/thumb/v7-m/nofp/crtbegin.o

.rodata         0x0000000008003050       0x30
                0x0000000008003050                . = ALIGN (0x4)
 *(.rodata)
 *(.rodata*)
 .rodata.bp     0x0000000008003050       0x10 c:/st/stm32cubeide_1.9.0/stm32cubeide/plugins/com.st.stm32cube.ide.mcu.externaltools.gnu-tools-for-stm32.10.3-2021.10.win32_1.0.0.202111181127/tools/bin/../lib/gcc/arm-none-eabi/10.3.1/../../../../arm-none-eabi/lib/thumb/v7-m/nofp\libm.a(lib_a-e_pow.o)
 .rodata.dp_h   0x0000000008003060       0x10 c:/st/stm32cubeide_1.9.0/stm32cubeide/plugins/com.st.stm32cube.ide.mcu.externaltools.gnu-tools-for-stm32.10.3-2021.10.win32_1.0.0.202111181127/tools/bin/../lib/gcc/arm-none-eabi/10.3.1/../../../../arm-none-eabi/lib/thumb/v7-m/nofp\libm.a(lib_a-e_pow.o)
 .rodata.dp_l   0x0000000008003070       0x10 c:/st/stm32cubeide_1.9.0/stm32cubeide/plugins/com.st.stm32cube.ide.mcu.externaltools.gnu-tools-for-stm32.10.3-2021.10.win32_1.0.0.202111181127/tools/bin/../lib/gcc/arm-none-eabi/10.3.1/../../../../arm-none-eabi/lib/thumb/v7-m/nofp\libm.a(lib_a-e_pow.o)
                0x0000000008003080                . = ALIGN (0x4)

.rel.dyn        0x0000000008003080        0x0
 .rel.iplt      0x0000000008003080        0x0 c:/st/stm32cubeide_1.9.0/stm32cubeide/plugins/com.st.stm32cube.ide.mcu.externaltools.gnu-tools-for-stm32.10.3-2021.10.win32_1.0.0.202111181127/tools/bin/../lib/gcc/arm-none-eabi/10.3.1/thumb/v7-m/nofp/crtbegin.o

.ARM.extab      0x0000000008003080        0x0
                0x0000000008003080                . = ALIGN (0x4)
 *(.ARM.extab* .gnu.linkonce.armextab.*)
                0x0000000008003080                . = ALIGN (0x4)

.ARM            0x0000000008003080        0x0
                0x0000000008003080                . = ALIGN (0x4)
                0x0000000008003080                __exidx_start = .
 *(.ARM.exidx*)
                0x0000000008003080                __exidx_end = .
                0x0000000008003080                . = ALIGN (0x4)

.preinit_array  0x0000000008003080        0x0
                0x0000000008003080                . = ALIGN (0x4)
                0x0000000008003080                PROVIDE (__preinit_array_start = .)
 *(.preinit_array*)
                0x0000000008003080                PROVIDE (__preinit_array_end = .)
                0x0000000008003080                . = ALIGN (0x4)

.init_array     0x0000000008003080        0x4
                0x0000000008003080                . = ALIGN (0x4)
                0x0000000008003080                PROVIDE (__init_array_start = .)
 *(SORT_BY_NAME(.init_array.*))
 *(.init_array*)
 .init_array    0x0000000008003080        0x4 c:/st/stm32cubeide_1.9.0/stm32cubeide/plugins/com.st.stm32cube.ide.mcu.externaltools.gnu-tools-for-stm32.10.3-2021.10.win32_1.0.0.202111181127/tools/bin/../lib/gcc/arm-none-eabi/10.3.1/thumb/v7-m/nofp/crtbegin.o
                0x0000000008003084                PROVIDE (__init_array_end = .)
                0x0000000008003084                . = ALIGN (0x4)

.fini_array     0x0000000008003084        0x4
                0x0000000008003084                . = ALIGN (0x4)
                [!provide]                        PROVIDE (__fini_array_start = .)
 *(SORT_BY_NAME(.fini_array.*))
 *(.fini_array*)
 .fini_array    0x0000000008003084        0x4 c:/st/stm32cubeide_1.9.0/stm32cubeide/plugins/com.st.stm32cube.ide.mcu.externaltools.gnu-tools-for-stm32.10.3-2021.10.win32_1.0.0.202111181127/tools/bin/../lib/gcc/arm-none-eabi/10.3.1/thumb/v7-m/nofp/crtbegin.o
                [!provide]                        PROVIDE (__fini_array_end = .)
                0x0000000008003088                . = ALIGN (0x4)
                0x0000000008003088                _sidata = LOADADDR (.data)

.data           0x0000000020000000       0x8c load address 0x0000000008003088
                0x0000000020000000                . = ALIGN (0x4)
                0x0000000020000000                _sdata = .
 *(.data)
 *(.data*)
 .data.APBAHBPrescTable
                0x0000000020000000       0x10 ./STD_Lib/stm32f10x_rcc.o
 .data.ADCPrescTable
                0x0000000020000010        0x4 ./STD_Lib/stm32f10x_rcc.o
 .data.SystemCoreClock
                0x0000000020000014        0x4 ./Src/system_stm32f10x.o
                0x0000000020000014                SystemCoreClock
 .data.AHBPrescTable
                0x0000000020000018       0x10 ./Src/system_stm32f10x.o
                0x0000000020000018                AHBPrescTable
 .data._impure_ptr
                0x0000000020000028        0x4 c:/st/stm32cubeide_1.9.0/stm32cubeide/plugins/com.st.stm32cube.ide.mcu.externaltools.gnu-tools-for-stm32.10.3-2021.10.win32_1.0.0.202111181127/tools/bin/../lib/gcc/arm-none-eabi/10.3.1/../../../../arm-none-eabi/lib/thumb/v7-m/nofp\libc_nano.a(lib_a-impure.o)
                0x0000000020000028                _impure_ptr
 .data.impure_data
                0x000000002000002c       0x60 c:/st/stm32cubeide_1.9.0/stm32cubeide/plugins/com.st.stm32cube.ide.mcu.externaltools.gnu-tools-for-stm32.10.3-2021.10.win32_1.0.0.202111181127/tools/bin/../lib/gcc/arm-none-eabi/10.3.1/../../../../arm-none-eabi/lib/thumb/v7-m/nofp\libc_nano.a(lib_a-impure.o)
 *(.RamFunc)
 *(.RamFunc*)
                0x000000002000008c                . = ALIGN (0x4)
                0x000000002000008c                _edata = .

.igot.plt       0x000000002000008c        0x0 load address 0x0000000008003114
 .igot.plt      0x000000002000008c        0x0 c:/st/stm32cubeide_1.9.0/stm32cubeide/plugins/com.st.stm32cube.ide.mcu.externaltools.gnu-tools-for-stm32.10.3-2021.10.win32_1.0.0.202111181127/tools/bin/../lib/gcc/arm-none-eabi/10.3.1/thumb/v7-m/nofp/crtbegin.o
                0x000000002000008c                . = ALIGN (0x4)

.bss            0x000000002000008c       0x34 load address 0x0000000008003114
                0x000000002000008c                _sbss = .
                0x000000002000008c                __bss_start__ = _sbss
 *(.bss)
 .bss           0x000000002000008c       0x1c c:/st/stm32cubeide_1.9.0/stm32cubeide/plugins/com.st.stm32cube.ide.mcu.externaltools.gnu-tools-for-stm32.10.3-2021.10.win32_1.0.0.202111181127/tools/bin/../lib/gcc/arm-none-eabi/10.3.1/thumb/v7-m/nofp/crtbegin.o
 *(.bss*)
 .bss.msTick    0x00000000200000a8        0x4 ./Src/main.o
                0x00000000200000a8                msTick
 .bss.acc_value
                0x00000000200000ac        0xc ./Src/main.o
                0x00000000200000ac                acc_value
 .bss.acc_total
                0x00000000200000b8        0x4 ./Src/main.o
                0x00000000200000b8                acc_total
 .bss.step_flag.1
                0x00000000200000bc        0x1 ./Src/main.o
 *fill*         0x00000000200000bd        0x1 
 .bss.step_count.0
                0x00000000200000be        0x2 ./Src/main.o
 *(COMMON)
                0x00000000200000c0                . = ALIGN (0x4)
                0x00000000200000c0                _ebss = .
                0x00000000200000c0                __bss_end__ = _ebss

._user_heap_stack
                0x00000000200000c0      0x600 load address 0x0000000008003114
                0x00000000200000c0                . = ALIGN (0x8)
                [!provide]                        PROVIDE (end = .)
                0x00000000200000c0                PROVIDE (_end = .)
                0x00000000200002c0                . = (. + _Min_Heap_Size)
 *fill*         0x00000000200000c0      0x200 
                0x00000000200006c0                . = (. + _Min_Stack_Size)
 *fill*         0x00000000200002c0      0x400 
                0x00000000200006c0                . = ALIGN (0x8)

/DISCARD/
 libc.a(*)
 libm.a(*)
 libgcc.a(*)

.ARM.attributes
                0x0000000000000000       0x29
 *(.ARM.attributes)
 .ARM.attributes
                0x0000000000000000       0x1d c:/st/stm32cubeide_1.9.0/stm32cubeide/plugins/com.st.stm32cube.ide.mcu.externaltools.gnu-tools-for-stm32.10.3-2021.10.win32_1.0.0.202111181127/tools/bin/../lib/gcc/arm-none-eabi/10.3.1/thumb/v7-m/nofp/crti.o
 .ARM.attributes
                0x000000000000001d       0x2d c:/st/stm32cubeide_1.9.0/stm32cubeide/plugins/com.st.stm32cube.ide.mcu.externaltools.gnu-tools-for-stm32.10.3-2021.10.win32_1.0.0.202111181127/tools/bin/../lib/gcc/arm-none-eabi/10.3.1/thumb/v7-m/nofp/crtbegin.o
 .ARM.attributes
                0x000000000000004a       0x2d ./STD_Lib/misc.o
 .ARM.attributes
                0x0000000000000077       0x2d ./STD_Lib/stm32f10x_exti.o
 .ARM.attributes
                0x00000000000000a4       0x2d ./STD_Lib/stm32f10x_gpio.o
 .ARM.attributes
                0x00000000000000d1       0x2d ./STD_Lib/stm32f10x_i2c.o
 .ARM.attributes
                0x00000000000000fe       0x2d ./STD_Lib/stm32f10x_rcc.o
 .ARM.attributes
                0x000000000000012b       0x2d ./STD_Lib/stm32f10x_spi.o
 .ARM.attributes
                0x0000000000000158       0x2d ./Src/main.o
 .ARM.attributes
                0x0000000000000185       0x2d ./Src/stm32f10x_it.o
 .ARM.attributes
                0x00000000000001b2       0x2d ./Src/system_stm32f10x.o
 .ARM.attributes
                0x00000000000001df       0x21 ./Startup/startup_stm32f103c8tx.o
 .ARM.attributes
                0x0000000000000200       0x2d c:/st/stm32cubeide_1.9.0/stm32cubeide/plugins/com.st.stm32cube.ide.mcu.externaltools.gnu-tools-for-stm32.10.3-2021.10.win32_1.0.0.202111181127/tools/bin/../lib/gcc/arm-none-eabi/10.3.1/../../../../arm-none-eabi/lib/thumb/v7-m/nofp\libc_nano.a(lib_a-errno.o)
 .ARM.attributes
                0x000000000000022d       0x2d c:/st/stm32cubeide_1.9.0/stm32cubeide/plugins/com.st.stm32cube.ide.mcu.externaltools.gnu-tools-for-stm32.10.3-2021.10.win32_1.0.0.202111181127/tools/bin/../lib/gcc/arm-none-eabi/10.3.1/../../../../arm-none-eabi/lib/thumb/v7-m/nofp\libc_nano.a(lib_a-impure.o)
 .ARM.attributes
                0x000000000000025a       0x2d c:/st/stm32cubeide_1.9.0/stm32cubeide/plugins/com.st.stm32cube.ide.mcu.externaltools.gnu-tools-for-stm32.10.3-2021.10.win32_1.0.0.202111181127/tools/bin/../lib/gcc/arm-none-eabi/10.3.1/../../../../arm-none-eabi/lib/thumb/v7-m/nofp\libc_nano.a(lib_a-init.o)
 .ARM.attributes
                0x0000000000000287       0x2d c:/st/stm32cubeide_1.9.0/stm32cubeide/plugins/com.st.stm32cube.ide.mcu.externaltools.gnu-tools-for-stm32.10.3-2021.10.win32_1.0.0.202111181127/tools/bin/../lib/gcc/arm-none-eabi/10.3.1/../../../../arm-none-eabi/lib/thumb/v7-m/nofp\libm.a(lib_a-w_pow.o)
 .ARM.attributes
                0x00000000000002b4       0x2d c:/st/stm32cubeide_1.9.0/stm32cubeide/plugins/com.st.stm32cube.ide.mcu.externaltools.gnu-tools-for-stm32.10.3-2021.10.win32_1.0.0.202111181127/tools/bin/../lib/gcc/arm-none-eabi/10.3.1/../../../../arm-none-eabi/lib/thumb/v7-m/nofp\libm.a(lib_a-w_sqrt.o)
 .ARM.attributes
                0x00000000000002e1       0x2d c:/st/stm32cubeide_1.9.0/stm32cubeide/plugins/com.st.stm32cube.ide.mcu.externaltools.gnu-tools-for-stm32.10.3-2021.10.win32_1.0.0.202111181127/tools/bin/../lib/gcc/arm-none-eabi/10.3.1/../../../../arm-none-eabi/lib/thumb/v7-m/nofp\libm.a(lib_a-e_pow.o)
 .ARM.attributes
                0x000000000000030e       0x2d c:/st/stm32cubeide_1.9.0/stm32cubeide/plugins/com.st.stm32cube.ide.mcu.externaltools.gnu-tools-for-stm32.10.3-2021.10.win32_1.0.0.202111181127/tools/bin/../lib/gcc/arm-none-eabi/10.3.1/../../../../arm-none-eabi/lib/thumb/v7-m/nofp\libm.a(lib_a-e_sqrt.o)
 .ARM.attributes
                0x000000000000033b       0x2d c:/st/stm32cubeide_1.9.0/stm32cubeide/plugins/com.st.stm32cube.ide.mcu.externaltools.gnu-tools-for-stm32.10.3-2021.10.win32_1.0.0.202111181127/tools/bin/../lib/gcc/arm-none-eabi/10.3.1/../../../../arm-none-eabi/lib/thumb/v7-m/nofp\libm.a(lib_a-math_err.o)
 .ARM.attributes
                0x0000000000000368       0x2d c:/st/stm32cubeide_1.9.0/stm32cubeide/plugins/com.st.stm32cube.ide.mcu.externaltools.gnu-tools-for-stm32.10.3-2021.10.win32_1.0.0.202111181127/tools/bin/../lib/gcc/arm-none-eabi/10.3.1/../../../../arm-none-eabi/lib/thumb/v7-m/nofp\libm.a(lib_a-s_fabs.o)
 .ARM.attributes
                0x0000000000000395       0x2d c:/st/stm32cubeide_1.9.0/stm32cubeide/plugins/com.st.stm32cube.ide.mcu.externaltools.gnu-tools-for-stm32.10.3-2021.10.win32_1.0.0.202111181127/tools/bin/../lib/gcc/arm-none-eabi/10.3.1/../../../../arm-none-eabi/lib/thumb/v7-m/nofp\libm.a(lib_a-s_finite.o)
 .ARM.attributes
                0x00000000000003c2       0x2d c:/st/stm32cubeide_1.9.0/stm32cubeide/plugins/com.st.stm32cube.ide.mcu.externaltools.gnu-tools-for-stm32.10.3-2021.10.win32_1.0.0.202111181127/tools/bin/../lib/gcc/arm-none-eabi/10.3.1/../../../../arm-none-eabi/lib/thumb/v7-m/nofp\libm.a(lib_a-s_scalbn.o)
 .ARM.attributes
                0x00000000000003ef       0x1d c:/st/stm32cubeide_1.9.0/stm32cubeide/plugins/com.st.stm32cube.ide.mcu.externaltools.gnu-tools-for-stm32.10.3-2021.10.win32_1.0.0.202111181127/tools/bin/../lib/gcc/arm-none-eabi/10.3.1/thumb/v7-m/nofp\libgcc.a(_arm_addsubdf3.o)
 .ARM.attributes
                0x000000000000040c       0x1d c:/st/stm32cubeide_1.9.0/stm32cubeide/plugins/com.st.stm32cube.ide.mcu.externaltools.gnu-tools-for-stm32.10.3-2021.10.win32_1.0.0.202111181127/tools/bin/../lib/gcc/arm-none-eabi/10.3.1/thumb/v7-m/nofp\libgcc.a(_arm_muldivdf3.o)
 .ARM.attributes
                0x0000000000000429       0x1d c:/st/stm32cubeide_1.9.0/stm32cubeide/plugins/com.st.stm32cube.ide.mcu.externaltools.gnu-tools-for-stm32.10.3-2021.10.win32_1.0.0.202111181127/tools/bin/../lib/gcc/arm-none-eabi/10.3.1/thumb/v7-m/nofp\libgcc.a(_arm_cmpdf2.o)
 .ARM.attributes
                0x0000000000000446       0x1d c:/st/stm32cubeide_1.9.0/stm32cubeide/plugins/com.st.stm32cube.ide.mcu.externaltools.gnu-tools-for-stm32.10.3-2021.10.win32_1.0.0.202111181127/tools/bin/../lib/gcc/arm-none-eabi/10.3.1/thumb/v7-m/nofp\libgcc.a(_arm_unorddf2.o)
 .ARM.attributes
                0x0000000000000463       0x1d c:/st/stm32cubeide_1.9.0/stm32cubeide/plugins/com.st.stm32cube.ide.mcu.externaltools.gnu-tools-for-stm32.10.3-2021.10.win32_1.0.0.202111181127/tools/bin/../lib/gcc/arm-none-eabi/10.3.1/thumb/v7-m/nofp\libgcc.a(_arm_truncdfsf2.o)
 .ARM.attributes
                0x0000000000000480       0x1d c:/st/stm32cubeide_1.9.0/stm32cubeide/plugins/com.st.stm32cube.ide.mcu.externaltools.gnu-tools-for-stm32.10.3-2021.10.win32_1.0.0.202111181127/tools/bin/../lib/gcc/arm-none-eabi/10.3.1/thumb/v7-m/nofp\libgcc.a(_arm_cmpsf2.o)
 .ARM.attributes
                0x000000000000049d       0x1d c:/st/stm32cubeide_1.9.0/stm32cubeide/plugins/com.st.stm32cube.ide.mcu.externaltools.gnu-tools-for-stm32.10.3-2021.10.win32_1.0.0.202111181127/tools/bin/../lib/gcc/arm-none-eabi/10.3.1/thumb/v7-m/nofp/crtn.o
OUTPUT(PEDOMETER.elf elf32-littlearm)
LOAD linker stubs
LOAD c:/st/stm32cubeide_1.9.0/stm32cubeide/plugins/com.st.stm32cube.ide.mcu.externaltools.gnu-tools-for-stm32.10.3-2021.10.win32_1.0.0.202111181127/tools/bin/../lib/gcc/arm-none-eabi/10.3.1/../../../../arm-none-eabi/lib/thumb/v7-m/nofp\libc.a
LOAD c:/st/stm32cubeide_1.9.0/stm32cubeide/plugins/com.st.stm32cube.ide.mcu.externaltools.gnu-tools-for-stm32.10.3-2021.10.win32_1.0.0.202111181127/tools/bin/../lib/gcc/arm-none-eabi/10.3.1/../../../../arm-none-eabi/lib/thumb/v7-m/nofp\libm.a
LOAD c:/st/stm32cubeide_1.9.0/stm32cubeide/plugins/com.st.stm32cube.ide.mcu.externaltools.gnu-tools-for-stm32.10.3-2021.10.win32_1.0.0.202111181127/tools/bin/../lib/gcc/arm-none-eabi/10.3.1/thumb/v7-m/nofp\libgcc.a

.debug_info     0x0000000000000000     0x4530
 .debug_info    0x0000000000000000      0x510 ./STD_Lib/misc.o
 .debug_info    0x0000000000000510      0x35b ./STD_Lib/stm32f10x_exti.o
 .debug_info    0x000000000000086b      0x74a ./STD_Lib/stm32f10x_gpio.o
 .debug_info    0x0000000000000fb5      0xbbb ./STD_Lib/stm32f10x_i2c.o
 .debug_info    0x0000000000001b70      0x8f7 ./STD_Lib/stm32f10x_rcc.o
 .debug_info    0x0000000000002467      0x9a7 ./STD_Lib/stm32f10x_spi.o
 .debug_info    0x0000000000002e0e     0x1187 ./Src/main.o
 .debug_info    0x0000000000003f95      0x100 ./Src/stm32f10x_it.o
 .debug_info    0x0000000000004095      0x479 ./Src/system_stm32f10x.o
 .debug_info    0x000000000000450e       0x22 ./Startup/startup_stm32f103c8tx.o

.debug_abbrev   0x0000000000000000     0x101f
 .debug_abbrev  0x0000000000000000      0x184 ./STD_Lib/misc.o
 .debug_abbrev  0x0000000000000184      0x16b ./STD_Lib/stm32f10x_exti.o
 .debug_abbrev  0x00000000000002ef      0x208 ./STD_Lib/stm32f10x_gpio.o
 .debug_abbrev  0x00000000000004f7      0x1b2 ./STD_Lib/stm32f10x_i2c.o
 .debug_abbrev  0x00000000000006a9      0x1d6 ./STD_Lib/stm32f10x_rcc.o
 .debug_abbrev  0x000000000000087f      0x1ce ./STD_Lib/stm32f10x_spi.o
 .debug_abbrev  0x0000000000000a4d      0x3c8 ./Src/main.o
 .debug_abbrev  0x0000000000000e15       0x47 ./Src/stm32f10x_it.o
 .debug_abbrev  0x0000000000000e5c      0x1b1 ./Src/system_stm32f10x.o
 .debug_abbrev  0x000000000000100d       0x12 ./Startup/startup_stm32f103c8tx.o

.debug_aranges  0x0000000000000000      0x5b0
 .debug_aranges
                0x0000000000000000       0x40 ./STD_Lib/misc.o
 .debug_aranges
                0x0000000000000040       0x58 ./STD_Lib/stm32f10x_exti.o
 .debug_aranges
                0x0000000000000098       0xa8 ./STD_Lib/stm32f10x_gpio.o
 .debug_aranges
                0x0000000000000140      0x120 ./STD_Lib/stm32f10x_i2c.o
 .debug_aranges
                0x0000000000000260      0x118 ./STD_Lib/stm32f10x_rcc.o
 .debug_aranges
                0x0000000000000378       0xd0 ./STD_Lib/stm32f10x_spi.o
 .debug_aranges
                0x0000000000000448       0xb0 ./Src/main.o
 .debug_aranges
                0x00000000000004f8       0x58 ./Src/stm32f10x_it.o
 .debug_aranges
                0x0000000000000550       0x38 ./Src/system_stm32f10x.o
 .debug_aranges
                0x0000000000000588       0x28 ./Startup/startup_stm32f103c8tx.o

.debug_ranges   0x0000000000000000      0x518
 .debug_ranges  0x0000000000000000       0x30 ./STD_Lib/misc.o
 .debug_ranges  0x0000000000000030       0x48 ./STD_Lib/stm32f10x_exti.o
 .debug_ranges  0x0000000000000078       0x98 ./STD_Lib/stm32f10x_gpio.o
 .debug_ranges  0x0000000000000110      0x110 ./STD_Lib/stm32f10x_i2c.o
 .debug_ranges  0x0000000000000220      0x108 ./STD_Lib/stm32f10x_rcc.o
 .debug_ranges  0x0000000000000328       0xc0 ./STD_Lib/stm32f10x_spi.o
 .debug_ranges  0x00000000000003e8       0xa0 ./Src/main.o
 .debug_ranges  0x0000000000000488       0x48 ./Src/stm32f10x_it.o
 .debug_ranges  0x00000000000004d0       0x28 ./Src/system_stm32f10x.o
 .debug_ranges  0x00000000000004f8       0x20 ./Startup/startup_stm32f103c8tx.o

.debug_macro    0x0000000000000000     0xeff1
 .debug_macro   0x0000000000000000      0x18b ./STD_Lib/misc.o
 .debug_macro   0x000000000000018b      0xa7e ./STD_Lib/misc.o
 .debug_macro   0x0000000000000c09       0x56 ./STD_Lib/misc.o
 .debug_macro   0x0000000000000c5f       0x22 ./STD_Lib/misc.o
 .debug_macro   0x0000000000000c81       0x22 ./STD_Lib/misc.o
 .debug_macro   0x0000000000000ca3       0x8e ./STD_Lib/misc.o
 .debug_macro   0x0000000000000d31       0x51 ./STD_Lib/misc.o
 .debug_macro   0x0000000000000d82      0x103 ./STD_Lib/misc.o
 .debug_macro   0x0000000000000e85       0x6a ./STD_Lib/misc.o
 .debug_macro   0x0000000000000eef      0x1df ./STD_Lib/misc.o
 .debug_macro   0x00000000000010ce      0x69f ./STD_Lib/misc.o
 .debug_macro   0x000000000000176d     0x7dbe ./STD_Lib/misc.o
 .debug_macro   0x000000000000952b      0x2df ./STD_Lib/misc.o
 .debug_macro   0x000000000000980a      0x144 ./STD_Lib/misc.o
 .debug_macro   0x000000000000994e      0x3cf ./STD_Lib/misc.o
 .debug_macro   0x0000000000009d1d       0xc8 ./STD_Lib/misc.o
 .debug_macro   0x0000000000009de5      0x17a ./STD_Lib/misc.o
 .debug_macro   0x0000000000009f5f       0xac ./STD_Lib/misc.o
 .debug_macro   0x000000000000a00b      0x3ad ./STD_Lib/misc.o
 .debug_macro   0x000000000000a3b8       0x9a ./STD_Lib/misc.o
 .debug_macro   0x000000000000a452      0x2cf ./STD_Lib/misc.o
 .debug_macro   0x000000000000a721      0x279 ./STD_Lib/misc.o
 .debug_macro   0x000000000000a99a      0x2ac ./STD_Lib/misc.o
 .debug_macro   0x000000000000ac46      0x2b1 ./STD_Lib/misc.o
 .debug_macro   0x000000000000aef7       0x64 ./STD_Lib/misc.o
 .debug_macro   0x000000000000af5b       0x82 ./STD_Lib/misc.o
 .debug_macro   0x000000000000afdd      0x3e2 ./STD_Lib/misc.o
 .debug_macro   0x000000000000b3bf       0x58 ./STD_Lib/misc.o
 .debug_macro   0x000000000000b417      0x341 ./STD_Lib/misc.o
 .debug_macro   0x000000000000b758      0x2c4 ./STD_Lib/misc.o
 .debug_macro   0x000000000000ba1c      0x711 ./STD_Lib/misc.o
 .debug_macro   0x000000000000c12d      0x220 ./STD_Lib/misc.o
 .debug_macro   0x000000000000c34d       0x34 ./STD_Lib/misc.o
 .debug_macro   0x000000000000c381       0x35 ./STD_Lib/misc.o
 .debug_macro   0x000000000000c3b6       0x85 ./STD_Lib/misc.o
 .debug_macro   0x000000000000c43b      0x18b ./STD_Lib/stm32f10x_exti.o
 .debug_macro   0x000000000000c5c6       0x94 ./STD_Lib/stm32f10x_exti.o
 .debug_macro   0x000000000000c65a      0x1d3 ./STD_Lib/stm32f10x_gpio.o
 .debug_macro   0x000000000000c82d      0x2a6 ./STD_Lib/stm32f10x_gpio.o
 .debug_macro   0x000000000000cad3      0x257 ./STD_Lib/stm32f10x_i2c.o
 .debug_macro   0x000000000000cd2a      0x2ab ./STD_Lib/stm32f10x_i2c.o
 .debug_macro   0x000000000000cfd5      0x2a1 ./STD_Lib/stm32f10x_rcc.o
 .debug_macro   0x000000000000d276      0x3dc ./STD_Lib/stm32f10x_rcc.o
 .debug_macro   0x000000000000d652      0x1eb ./STD_Lib/stm32f10x_spi.o
 .debug_macro   0x000000000000d83d      0x2be ./STD_Lib/stm32f10x_spi.o
 .debug_macro   0x000000000000dafb      0x3d2 ./Src/main.o
 .debug_macro   0x000000000000decd       0x52 ./Src/main.o
 .debug_macro   0x000000000000df1f       0x18 ./Src/main.o
 .debug_macro   0x000000000000df37       0x3c ./Src/main.o
 .debug_macro   0x000000000000df73       0x34 ./Src/main.o
 .debug_macro   0x000000000000dfa7      0x174 ./Src/main.o
 .debug_macro   0x000000000000e11b       0x16 ./Src/main.o
 .debug_macro   0x000000000000e131       0x43 ./Src/main.o
 .debug_macro   0x000000000000e174       0x34 ./Src/main.o
 .debug_macro   0x000000000000e1a8       0x10 ./Src/main.o
 .debug_macro   0x000000000000e1b8       0x58 ./Src/main.o
 .debug_macro   0x000000000000e210       0x71 ./Src/main.o
 .debug_macro   0x000000000000e281       0x1c ./Src/main.o
 .debug_macro   0x000000000000e29d      0x12a ./Src/main.o
 .debug_macro   0x000000000000e3c7      0x341 ./Src/main.o
 .debug_macro   0x000000000000e708      0x19b ./Src/main.o
 .debug_macro   0x000000000000e8a3       0x16 ./Src/main.o
 .debug_macro   0x000000000000e8b9       0x35 ./Src/main.o
 .debug_macro   0x000000000000e8ee       0x16 ./Src/main.o
 .debug_macro   0x000000000000e904       0x29 ./Src/main.o
 .debug_macro   0x000000000000e92d       0x1c ./Src/main.o
 .debug_macro   0x000000000000e949       0x10 ./Src/main.o
 .debug_macro   0x000000000000e959       0x10 ./Src/main.o
 .debug_macro   0x000000000000e969       0x1c ./Src/main.o
 .debug_macro   0x000000000000e985       0x52 ./Src/main.o
 .debug_macro   0x000000000000e9d7       0x22 ./Src/main.o
 .debug_macro   0x000000000000e9f9       0x10 ./Src/main.o
 .debug_macro   0x000000000000ea09       0x52 ./Src/main.o
 .debug_macro   0x000000000000ea5b       0xd5 ./Src/main.o
 .debug_macro   0x000000000000eb30       0x1c ./Src/main.o
 .debug_macro   0x000000000000eb4c       0x3d ./Src/main.o
 .debug_macro   0x000000000000eb89       0x16 ./Src/main.o
 .debug_macro   0x000000000000eb9f      0x145 ./Src/main.o
 .debug_macro   0x000000000000ece4      0x185 ./Src/stm32f10x_it.o
 .debug_macro   0x000000000000ee69      0x188 ./Src/system_stm32f10x.o

.debug_line     0x0000000000000000     0x59d1
 .debug_line    0x0000000000000000      0x786 ./STD_Lib/misc.o
 .debug_line    0x0000000000000786      0x825 ./STD_Lib/stm32f10x_exti.o
 .debug_line    0x0000000000000fab      0xa6e ./STD_Lib/stm32f10x_gpio.o
 .debug_line    0x0000000000001a19      0xbcf ./STD_Lib/stm32f10x_i2c.o
 .debug_line    0x00000000000025e8      0xc0a ./STD_Lib/stm32f10x_rcc.o
 .debug_line    0x00000000000031f2      0xaae ./STD_Lib/stm32f10x_spi.o
 .debug_line    0x0000000000003ca0      0xd5d ./Src/main.o
 .debug_line    0x00000000000049fd      0x741 ./Src/stm32f10x_it.o
 .debug_line    0x000000000000513e      0x80f ./Src/system_stm32f10x.o
 .debug_line    0x000000000000594d       0x84 ./Startup/startup_stm32f103c8tx.o

.debug_str      0x0000000000000000    0x5454a
 .debug_str     0x0000000000000000    0x4d285 ./STD_Lib/misc.o
                                      0x4d3f6 (size before relaxing)
 .debug_str     0x000000000004d285      0x1d8 ./STD_Lib/stm32f10x_exti.o
                                      0x4d37f (size before relaxing)
 .debug_str     0x000000000004d45d      0x5c0 ./STD_Lib/stm32f10x_gpio.o
                                      0x4d785 (size before relaxing)
 .debug_str     0x000000000004da1d      0x8f9 ./STD_Lib/stm32f10x_i2c.o
                                      0x4db39 (size before relaxing)
 .debug_str     0x000000000004e316      0xa90 ./STD_Lib/stm32f10x_rcc.o
                                      0x4dd54 (size before relaxing)
 .debug_str     0x000000000004eda6      0x5ad ./STD_Lib/stm32f10x_spi.o
                                      0x4d8ae (size before relaxing)
 .debug_str     0x000000000004f353     0x508a ./Src/main.o
                                      0x5290a (size before relaxing)
 .debug_str     0x00000000000543dd       0xa8 ./Src/stm32f10x_it.o
                                      0x4d202 (size before relaxing)
 .debug_str     0x0000000000054485       0x94 ./Src/system_stm32f10x.o
                                      0x4d31f (size before relaxing)
 .debug_str     0x0000000000054519       0x31 ./Startup/startup_stm32f103c8tx.o
                                         0x56 (size before relaxing)

.comment        0x0000000000000000       0x50
 .comment       0x0000000000000000       0x50 ./STD_Lib/misc.o
                                         0x51 (size before relaxing)
 .comment       0x0000000000000050       0x51 ./STD_Lib/stm32f10x_exti.o
 .comment       0x0000000000000050       0x51 ./STD_Lib/stm32f10x_gpio.o
 .comment       0x0000000000000050       0x51 ./STD_Lib/stm32f10x_i2c.o
 .comment       0x0000000000000050       0x51 ./STD_Lib/stm32f10x_rcc.o
 .comment       0x0000000000000050       0x51 ./STD_Lib/stm32f10x_spi.o
 .comment       0x0000000000000050       0x51 ./Src/main.o
 .comment       0x0000000000000050       0x51 ./Src/stm32f10x_it.o
 .comment       0x0000000000000050       0x51 ./Src/system_stm32f10x.o

.debug_frame    0x0000000000000000     0x1c88
 .debug_frame   0x0000000000000000       0xd8 ./STD_Lib/misc.o
 .debug_frame   0x00000000000000d8      0x148 ./STD_Lib/stm32f10x_exti.o
 .debug_frame   0x0000000000000220      0x2d0 ./STD_Lib/stm32f10x_gpio.o
 .debug_frame   0x00000000000004f0      0x530 ./STD_Lib/stm32f10x_i2c.o
 .debug_frame   0x0000000000000a20      0x4f4 ./STD_Lib/stm32f10x_rcc.o
 .debug_frame   0x0000000000000f14      0x3a0 ./STD_Lib/stm32f10x_spi.o
 .debug_frame   0x00000000000012b4      0x298 ./Src/main.o
 .debug_frame   0x000000000000154c       0xf0 ./Src/stm32f10x_it.o
 .debug_frame   0x000000000000163c       0x98 ./Src/system_stm32f10x.o
 .debug_frame   0x00000000000016d4       0x20 c:/st/stm32cubeide_1.9.0/stm32cubeide/plugins/com.st.stm32cube.ide.mcu.externaltools.gnu-tools-for-stm32.10.3-2021.10.win32_1.0.0.202111181127/tools/bin/../lib/gcc/arm-none-eabi/10.3.1/../../../../arm-none-eabi/lib/thumb/v7-m/nofp\libc_nano.a(lib_a-errno.o)
 .debug_frame   0x00000000000016f4       0x2c c:/st/stm32cubeide_1.9.0/stm32cubeide/plugins/com.st.stm32cube.ide.mcu.externaltools.gnu-tools-for-stm32.10.3-2021.10.win32_1.0.0.202111181127/tools/bin/../lib/gcc/arm-none-eabi/10.3.1/../../../../arm-none-eabi/lib/thumb/v7-m/nofp\libc_nano.a(lib_a-init.o)
 .debug_frame   0x0000000000001720       0x34 c:/st/stm32cubeide_1.9.0/stm32cubeide/plugins/com.st.stm32cube.ide.mcu.externaltools.gnu-tools-for-stm32.10.3-2021.10.win32_1.0.0.202111181127/tools/bin/../lib/gcc/arm-none-eabi/10.3.1/../../../../arm-none-eabi/lib/thumb/v7-m/nofp\libm.a(lib_a-w_pow.o)
 .debug_frame   0x0000000000001754       0x30 c:/st/stm32cubeide_1.9.0/stm32cubeide/plugins/com.st.stm32cube.ide.mcu.externaltools.gnu-tools-for-stm32.10.3-2021.10.win32_1.0.0.202111181127/tools/bin/../lib/gcc/arm-none-eabi/10.3.1/../../../../arm-none-eabi/lib/thumb/v7-m/nofp\libm.a(lib_a-w_sqrt.o)
 .debug_frame   0x0000000000001784       0x78 c:/st/stm32cubeide_1.9.0/stm32cubeide/plugins/com.st.stm32cube.ide.mcu.externaltools.gnu-tools-for-stm32.10.3-2021.10.win32_1.0.0.202111181127/tools/bin/../lib/gcc/arm-none-eabi/10.3.1/../../../../arm-none-eabi/lib/thumb/v7-m/nofp\libm.a(lib_a-e_pow.o)
 .debug_frame   0x00000000000017fc       0x30 c:/st/stm32cubeide_1.9.0/stm32cubeide/plugins/com.st.stm32cube.ide.mcu.externaltools.gnu-tools-for-stm32.10.3-2021.10.win32_1.0.0.202111181127/tools/bin/../lib/gcc/arm-none-eabi/10.3.1/../../../../arm-none-eabi/lib/thumb/v7-m/nofp\libm.a(lib_a-e_sqrt.o)
 .debug_frame   0x000000000000182c      0x120 c:/st/stm32cubeide_1.9.0/stm32cubeide/plugins/com.st.stm32cube.ide.mcu.externaltools.gnu-tools-for-stm32.10.3-2021.10.win32_1.0.0.202111181127/tools/bin/../lib/gcc/arm-none-eabi/10.3.1/../../../../arm-none-eabi/lib/thumb/v7-m/nofp\libm.a(lib_a-math_err.o)
 .debug_frame   0x000000000000194c       0x20 c:/st/stm32cubeide_1.9.0/stm32cubeide/plugins/com.st.stm32cube.ide.mcu.externaltools.gnu-tools-for-stm32.10.3-2021.10.win32_1.0.0.202111181127/tools/bin/../lib/gcc/arm-none-eabi/10.3.1/../../../../arm-none-eabi/lib/thumb/v7-m/nofp\libm.a(lib_a-s_fabs.o)
 .debug_frame   0x000000000000196c       0x20 c:/st/stm32cubeide_1.9.0/stm32cubeide/plugins/com.st.stm32cube.ide.mcu.externaltools.gnu-tools-for-stm32.10.3-2021.10.win32_1.0.0.202111181127/tools/bin/../lib/gcc/arm-none-eabi/10.3.1/../../../../arm-none-eabi/lib/thumb/v7-m/nofp\libm.a(lib_a-s_finite.o)
 .debug_frame   0x000000000000198c       0x30 c:/st/stm32cubeide_1.9.0/stm32cubeide/plugins/com.st.stm32cube.ide.mcu.externaltools.gnu-tools-for-stm32.10.3-2021.10.win32_1.0.0.202111181127/tools/bin/../lib/gcc/arm-none-eabi/10.3.1/../../../../arm-none-eabi/lib/thumb/v7-m/nofp\libm.a(lib_a-s_scalbn.o)
 .debug_frame   0x00000000000019bc       0xac c:/st/stm32cubeide_1.9.0/stm32cubeide/plugins/com.st.stm32cube.ide.mcu.externaltools.gnu-tools-for-stm32.10.3-2021.10.win32_1.0.0.202111181127/tools/bin/../lib/gcc/arm-none-eabi/10.3.1/thumb/v7-m/nofp\libgcc.a(_arm_addsubdf3.o)
 .debug_frame   0x0000000000001a68       0x50 c:/st/stm32cubeide_1.9.0/stm32cubeide/plugins/com.st.stm32cube.ide.mcu.externaltools.gnu-tools-for-stm32.10.3-2021.10.win32_1.0.0.202111181127/tools/bin/../lib/gcc/arm-none-eabi/10.3.1/thumb/v7-m/nofp\libgcc.a(_arm_muldivdf3.o)
 .debug_frame   0x0000000000001ab8       0xc4 c:/st/stm32cubeide_1.9.0/stm32cubeide/plugins/com.st.stm32cube.ide.mcu.externaltools.gnu-tools-for-stm32.10.3-2021.10.win32_1.0.0.202111181127/tools/bin/../lib/gcc/arm-none-eabi/10.3.1/thumb/v7-m/nofp\libgcc.a(_arm_cmpdf2.o)
 .debug_frame   0x0000000000001b7c       0x20 c:/st/stm32cubeide_1.9.0/stm32cubeide/plugins/com.st.stm32cube.ide.mcu.externaltools.gnu-tools-for-stm32.10.3-2021.10.win32_1.0.0.202111181127/tools/bin/../lib/gcc/arm-none-eabi/10.3.1/thumb/v7-m/nofp\libgcc.a(_arm_unorddf2.o)
 .debug_frame   0x0000000000001b9c       0x24 c:/st/stm32cubeide_1.9.0/stm32cubeide/plugins/com.st.stm32cube.ide.mcu.externaltools.gnu-tools-for-stm32.10.3-2021.10.win32_1.0.0.202111181127/tools/bin/../lib/gcc/arm-none-eabi/10.3.1/thumb/v7-m/nofp\libgcc.a(_arm_truncdfsf2.o)
 .debug_frame   0x0000000000001bc0       0xc8 c:/st/stm32cubeide_1.9.0/stm32cubeide/plugins/com.st.stm32cube.ide.mcu.externaltools.gnu-tools-for-stm32.10.3-2021.10.win32_1.0.0.202111181127/tools/bin/../lib/gcc/arm-none-eabi/10.3.1/thumb/v7-m/nofp\libgcc.a(_arm_cmpsf2.o)
